Microchip MPLAB XC8 Compiler V2.40

Linker command line:

-W-3 \
  --edf=C:\Program Files\Microchip\xc8\v2.40\pic\dat\20220703182018_en.msgs \
  -cn -h+dist/default/production\I2C_M.X.production.sym \
  --cmf=dist/default/production\I2C_M.X.production.cmf -z -Q16F887 \
  -oC:\Users\byron\AppData\Local\Temp\xcAs14ec.4 --defsym=__MPLAB_BUILD=1 \
  --fixupoverflow=error -Mdist/default/production/I2C_M.X.production.map \
  --md=C:\Users\byron\AppData\Local\Temp\xcAs14ec.dat -E1 -ver=XC8 Compiler \
  --acfsm=1493 -ACODE=00h-07FFhx4 -ASTRCODE=00h-01FFFh -ASTRING=00h-0FFhx32 \
  -ACONST=00h-0FFhx32 -AENTRY=00h-0FFhx32 -ACOMMON=070h-07Fh \
  -ABANK0=020h-06Fh -ABANK1=0A0h-0EFh -ABANK2=0110h-016Fh \
  -ABANK3=0190h-01EFh -ARAM=020h-06Fh,0A0h-0EFh,0110h-016Fh,0190h-01EFh \
  -AABS1=020h-07Fh,0A0h-0EFh,0110h-016Fh,0190h-01EFh -ASFR0=00h-01Fh \
  -ASFR1=080h-09Fh -ASFR2=0100h-010Fh -ASFR3=0180h-018Fh \
  -ACONFIG=02007h-02008h -DCONFIG=2 -AIDLOC=02000h-02003h -DIDLOC=2 \
  -AEEDATA=00h-0FFh/02100h -peeprom_data=EEDATA -DEEDATA=2 -DCODE=2 \
  -DSTRCODE=2 -DSTRING=2 -DCONST=2 -DENTRY=2 \
  -preset_vec=00h,intentry=04h,init,end_init -ppowerup=CODE -pcinit=CODE \
  -pfunctab=ENTRY -k C:\Users\byron\AppData\Local\Temp\xcAs14ec.o \
  dist/default/production\I2C_M.X.production.o 

Object code version is 3.11

Machine type is 16F887



                Name                               Link     Load   Length Selector   Space Scale
C:\Users\byron\AppData\Local\Temp\xcAs14ec.o
                end_init                              C        C        3        8       0
                reset_vec                             0        0        3        0       0
                config                             2007     2007        2        0       4
                idloc                              2000     2000        4        0       5
dist/default/production\I2C_M.X.production.o
                cinit                                 F        F       1B        8       0
                intentry                              4        4        8        8       0
                config                             2007     2007        2        0       4
                idloc                              2000     2000        4        0       5
                text26                              406      406       E1        8       0
                text25                              DEC      DEC       22     1BD8       0
                text24                              DD2      DD2       1A     1BA4       0
                text23                              D71      D71        D     1AE2       0
                text22                              7AA      7AA       4C        8       0
                text21                              E6E      E6E       35     1CDC       0
                text20                              F19      F19       46     1E32       0
                text19                              D7E      D7E        D     1AFC       0
                text18                              E0E      E0E       2E     1C1C       0
                text17                              D56      D56        9     1AAC       0
                text16                              D5F      D5F        9     1ABE       0
                text15                              D68      D68        9     1AD0       0
                text14                              7F6      7F6        A        8       0
                text13                              DBD      DBD       15     1B7A       0
                text12                              6E9      6E9       64        8       0
                text11                              618      618       69        8       0
                text10                              FA5      FA5       5B     1F4A       0
                text9                               5AA      5AA       6E        8       0
                text8                               681      681       68        8       0
                text7                               EA3      EA3       3A     1D46       0
                text6                               74D      74D       5D        8       0
                text5                               D8B      D8B        D     1B16       0
                text4                               E3C      E3C       32     1C78       0
                text3                               F5F      F5F       46     1EBE       0
                text2                               EDD      EDD       3C     1DBA       0
                text1                               4E7      4E7       C3        8       0
                maintext                             2A       2A      3DC        8       0
                cstackBANK0                          3A       3A       17       20       1
                cstackCOMMON                         70       70        A       70       1
                clrtext                             D4E      D4E        8     1A9C       0
                inittext                            DAA      DAA       13     1B54       0
                dataBANK0                            51       51       12       20       1
                bssBANK0                             20       20       1A       20       1
                bssCOMMON                            7A       7A        1       70       1
                strings                             800      800       21     1000       0
                idataBANK0                          D98      D98       12     1B30       0

TOTAL           Name                               Link     Load   Length     Space
        CLASS   CODE           
                end_init                              C        C        3         0
                cinit                                 F        F       1B         0
                intentry                              4        4        8         0
                reset_vec                             0        0        3         0
                text26                              406      406       E1         0
                text25                              DEC      DEC       22         0
                text24                              DD2      DD2       1A         0
                text23                              D71      D71        D         0
                text22                              7AA      7AA       4C         0
                text21                              E6E      E6E       35         0
                text20                              F19      F19       46         0
                text19                              D7E      D7E        D         0
                text18                              E0E      E0E       2E         0
                text17                              D56      D56        9         0
                text16                              D5F      D5F        9         0
                text15                              D68      D68        9         0
                text14                              7F6      7F6        A         0
                text13                              DBD      DBD       15         0
                text12                              6E9      6E9       64         0
                text11                              618      618       69         0
                text10                              FA5      FA5       5B         0
                text9                               5AA      5AA       6E         0
                text8                               681      681       68         0
                text7                               EA3      EA3       3A         0
                text6                               74D      74D       5D         0
                text5                               D8B      D8B        D         0
                text4                               E3C      E3C       32         0
                text3                               F5F      F5F       46         0
                text2                               EDD      EDD       3C         0
                text1                               4E7      4E7       C3         0
                maintext                             2A       2A      3DC         0
                clrtext                             D4E      D4E        8         0
                inittext                            DAA      DAA       13         0
                idataBANK0                          D98      D98       12         0

        CLASS   STRCODE        

        CLASS   STRING         
                strings                             800      800       21         0

        CLASS   CONST          

        CLASS   ENTRY          

        CLASS   COMMON         
                cstackCOMMON                         70       70        A         1
                bssCOMMON                            7A       7A        1         1

        CLASS   BANK0          
                cstackBANK0                          3A       3A       17         1
                dataBANK0                            51       51       12         1
                bssBANK0                             20       20       1A         1

        CLASS   BANK1          

        CLASS   BANK2          

        CLASS   BANK3          

        CLASS   RAM            

        CLASS   ABS1           
                abs_s1                               7E       7E        2         1

        CLASS   SFR0           

        CLASS   SFR1           

        CLASS   SFR2           

        CLASS   SFR3           

        CLASS   CONFIG         
                config                             2007     2007        2         4

        CLASS   IDLOC          
                idloc                              2000     2000        4         5

        CLASS   EEDATA         

        CLASS   STACK          



SEGMENTS        Name                           Load    Length   Top    Selector   Space  Class     Delta

                reset_vec                      000000  000003  000003         0       0  CODE        2
                intentry                       000004  0007FC  000800         8       0  CODE        2
                bssBANK0                       000020  000043  000063        20       1  BANK0       1
                cstackCOMMON                   000070  00000B  00007B        70       1  COMMON      1
                strings                        000800  000021  000821      1000       0  STRING      2
                clrtext                        000D4E  000008  000D56      1A9C       0  CODE        2
                text17                         000D56  000009  000D5F      1AAC       0  CODE        2
                text16                         000D5F  000009  000D68      1ABE       0  CODE        2
                text15                         000D68  000009  000D71      1AD0       0  CODE        2
                text23                         000D71  00000D  000D7E      1AE2       0  CODE        2
                text19                         000D7E  00000D  000D8B      1AFC       0  CODE        2
                text5                          000D8B  00000D  000D98      1B16       0  CODE        2
                idataBANK0                     000D98  000012  000DAA      1B30       0  CODE        2
                inittext                       000DAA  000013  000DBD      1B54       0  CODE        2
                text13                         000DBD  000015  000DD2      1B7A       0  CODE        2
                text24                         000DD2  00001A  000DEC      1BA4       0  CODE        2
                text25                         000DEC  000022  000E0E      1BD8       0  CODE        2
                text18                         000E0E  00002E  000E3C      1C1C       0  CODE        2
                text4                          000E3C  000032  000E6E      1C78       0  CODE        2
                text21                         000E6E  000035  000EA3      1CDC       0  CODE        2
                text7                          000EA3  00003A  000EDD      1D46       0  CODE        2
                text2                          000EDD  00003C  000F19      1DBA       0  CODE        2
                text20                         000F19  000046  000F5F      1E32       0  CODE        2
                text3                          000F5F  000046  000FA5      1EBE       0  CODE        2
                text10                         000FA5  00005B  001000      1F4A       0  CODE        2


UNUSED ADDRESS RANGES

        Name                Unused          Largest block    Delta
        BANK0            0063-006F              D           1
        BANK1            00A0-00EF             50           1
        BANK2            0110-016F             60           1
        BANK3            0190-01EF             60           1
        CODE             0003-0003              1           2
                         0821-0D4D            52D
                         1000-1FFF            800
        COMMON           007B-007D              3           1
        CONST            0003-0003              1           2
                         0821-0D4D            100
                         1000-1FFF            100
        EEDATA           2100-21FF            100           2
        ENTRY            0003-0003              1           2
                         0821-0D4D            100
                         1000-1FFF            100
        RAM              0063-006F              D           1
                         00A0-00EF             50
                         0110-016F             60
                         0190-01EF             60
        SFR0             0000-001F             20           1
        SFR1             0080-009F             20           1
        SFR2             0100-010F             10           1
        SFR3             0180-018F             10           1
        STRCODE          0003-0003              1           2
                         0821-0D4D            52D
                         1000-1FFF           1000
        STRING           0003-0003              1           2
                         0821-0D4D            100
                         1000-1FFF            100

                                  Symbol Table

?_I2C_Master_Read                 cstackCOMMON 0073
?___awdiv                         cstackCOMMON 0073
?___awmod                         cstackBANK0  003E
?___lldiv                         cstackBANK0  003A
?___lwdiv                         cstackCOMMON 0073
?___lwmod                         cstackBANK0  003D
?_sprintf                         cstackBANK0  0041
I2C_Master_Init@c                 cstackBANK0  0042
I2C_Master_Read@a                 cstackCOMMON 0073
I2C_Master_Read@temp              cstackCOMMON 0077
I2C_Master_Write@d                cstackCOMMON 0073
Lcd_Cmd_4bits@a                   cstackCOMMON 0076
Lcd_Port_4bits@a                  cstackCOMMON 0073
Lcd_Set_Cursor_4bits@a            cstackBANK0  003A
Lcd_Set_Cursor_4bits@b            cstackCOMMON 0077
Lcd_Set_Cursor_4bits@temp         cstackBANK0  003D
Lcd_Set_Cursor_4bits@y            cstackBANK0  003C
Lcd_Set_Cursor_4bits@z            cstackBANK0  003B
Lcd_Write_Char_4bits@a            cstackCOMMON 0077
Lcd_Write_Char_4bits@temp         cstackCOMMON 0075
Lcd_Write_Char_4bits@y            cstackCOMMON 0076
Lcd_Write_String_4bits@a          cstackCOMMON 0078
Lcd_Write_String_4bits@i          cstackBANK0  003D
_ADC1                             bssBANK0     0031
_ANSEL                            (abs)        0188
_ANSELH                           (abs)        0189
_AO                               bssBANK0     0026
_DIA                              bssBANK0     0028
_GIE                              (abs)        005F
_HOR                              bssBANK0     0029
_I2C_Master_Init                  text7        0EA3
_I2C_Master_Read                  text18       0E0E
_I2C_Master_RepeatedStart         text17       0D56
_I2C_Master_Start                 text16       0D5F
_I2C_Master_Stop                  text15       0D68
_I2C_Master_Wait                  text19       0D7E
_I2C_Master_Write                 text14       07F6
_INTCONbits                       (abs)        000B
_IOCB                             (abs)        0096
_ISR                              text26       0406
_Lcd_Clear_4bits                  text23       0D71
_Lcd_Cmd_4bits                    text24       0DD2
_Lcd_Init_4bits                   text6        074D
_Lcd_Port_4bits                   text25       0DEC
_Lcd_Set_Cursor_4bits             text22       07AA
_Lcd_Write_Char_4bits             text21       0E6E
_Lcd_Write_String_4bits           text20       0F19
_MES                              bssBANK0     0027
_MIN                              bssBANK0     002A
_OPTION_REGbits                   (abs)        0081
_OSCCONbits                       (abs)        008F
_PEIE                             (abs)        005E
_PORTA                            (abs)        0005
_PORTB                            (abs)        0006
_PORTBbits                        (abs)        0006
_PORTD                            (abs)        0008
_PORTDbits                        (abs)        0008
_SEG                              bssBANK0     002B
_SSPADD                           (abs)        0093
_SSPBUF                           (abs)        0013
_SSPCON                           (abs)        0014
_SSPCON2                          (abs)        0091
_SSPCON2bits                      (abs)        0091
_SSPIE                            (abs)        0463
_SSPIF                            (abs)        0063
_SSPSTAT                          (abs)        0094
_TRISA                            (abs)        0085
_TRISB                            (abs)        0086
_TRISC3                           (abs)        043B
_TRISC4                           (abs)        043C
_TRISCbits                        (abs)        0087
_TRISD                            (abs)        0088
_VAL1                             bssBANK0     002F
_VAL1_C                           bssBANK0     002C
_VAL1_D                           bssBANK0     002D
_VAL1_U                           bssBANK0     002E
_WPUBbits                         (abs)        0095
__Habs1                           abs1         0000
__Hbank0                          bank0        0000
__Hbank1                          bank1        0000
__Hbank2                          bank2        0000
__Hbank3                          bank3        0000
__HbssBANK0                       bssBANK0     0000
__HbssCOMMON                      bssCOMMON    0000
__Hcinit                          cinit        002A
__Hclrtext                        clrtext      0000
__Hcode                           code         0000
__Hcommon                         common       0000
__Hconfig                         config       2009
__HcstackBANK0                    cstackBANK0  0000
__HcstackCOMMON                   cstackCOMMON 0000
__HdataBANK0                      dataBANK0    0000
__Heeprom_data                    eeprom_data  0000
__Hend_init                       end_init     000F
__Hfunctab                        functab      0000
__HidataBANK0                     idataBANK0   0000
__Hidloc                          idloc        2004
__Hinit                           init         000C
__Hinittext                       inittext     0000
__Hintentry                       intentry     000C
__Hmaintext                       maintext     0000
__Hpowerup                        powerup      0000
__Hram                            ram          0000
__Hreset_vec                      reset_vec    0003
__Hsfr0                           sfr0         0000
__Hsfr1                           sfr1         0000
__Hsfr2                           sfr2         0000
__Hsfr3                           sfr3         0000
__Hspace_0                        (abs)        1000
__Hspace_1                        (abs)        007B
__Hspace_2                        (abs)        0000
__Hspace_3                        (abs)        0000
__Hspace_4                        (abs)        4010
__Hstack                          stack        0000
__Hstrings                        strings      0000
__Htext                           text         0000
__Labs1                           abs1         0000
__Lbank0                          bank0        0000
__Lbank1                          bank1        0000
__Lbank2                          bank2        0000
__Lbank3                          bank3        0000
__LbssBANK0                       bssBANK0     0000
__LbssCOMMON                      bssCOMMON    0000
__Lcinit                          cinit        000F
__Lclrtext                        clrtext      0000
__Lcode                           code         0000
__Lcommon                         common       0000
__Lconfig                         config       0000
__LcstackBANK0                    cstackBANK0  0000
__LcstackCOMMON                   cstackCOMMON 0000
__LdataBANK0                      dataBANK0    0000
__Leeprom_data                    eeprom_data  0000
__Lend_init                       end_init     000C
__Lfunctab                        functab      0000
__LidataBANK0                     idataBANK0   0000
__Lidloc                          idloc        0000
__Linit                           init         000C
__Linittext                       inittext     0000
__Lintentry                       intentry     0004
__Lmaintext                       maintext     0000
__Lpowerup                        powerup      0000
__Lram                            ram          0000
__Lreset_vec                      reset_vec    0000
__Lsfr0                           sfr0         0000
__Lsfr1                           sfr1         0000
__Lsfr2                           sfr2         0000
__Lsfr3                           sfr3         0000
__Lspace_0                        (abs)        0000
__Lspace_1                        (abs)        0000
__Lspace_2                        (abs)        0000
__Lspace_3                        (abs)        0000
__Lspace_4                        (abs)        0000
__Lstack                          stack        0000
__Lstrings                        strings      0000
__Ltext                           text         0000
__S0                              (abs)        1000
__S1                              (abs)        007B
__S3                              (abs)        0000
___awdiv                          text11       0618
___awdiv@counter                  cstackBANK0  003A
___awdiv@dividend                 cstackCOMMON 0075
___awdiv@divisor                  cstackCOMMON 0073
___awdiv@quotient                 cstackBANK0  003C
___awdiv@sign                     cstackBANK0  003B
___awmod                          text10       0FA5
___awmod@counter                  cstackBANK0  0042
___awmod@dividend                 cstackBANK0  0040
___awmod@divisor                  cstackBANK0  003E
___awmod@sign                     cstackBANK0  0043
___bmul                           text13       0DBD
___bmul@multiplicand              cstackCOMMON 0073
___bmul@multiplier                cstackCOMMON 0076
___bmul@product                   cstackCOMMON 0075
___int_sp                         stack        0000
___latbits                        (abs)        0002
___lldiv                          text8        0681
___lldiv@counter                  cstackCOMMON 0078
___lldiv@dividend                 cstackBANK0  003E
___lldiv@divisor                  cstackBANK0  003A
___lldiv@quotient                 cstackCOMMON 0074
___lwdiv                          text3        0F5F
___lwdiv@counter                  cstackBANK0  003A
___lwdiv@dividend                 cstackCOMMON 0075
___lwdiv@divisor                  cstackCOMMON 0073
___lwdiv@quotient                 cstackBANK0  003B
___lwmod                          text2        0EDD
___lwmod@counter                  cstackCOMMON 0079
___lwmod@dividend                 cstackBANK0  003F
___lwmod@divisor                  cstackBANK0  003D
___sp                             stack        0000
___stackhi                        (abs)        0000
___stacklo                        (abs)        0000
__end_of_I2C_Master_Init          text7        0EDD
__end_of_I2C_Master_Read          text18       0E3C
__end_of_I2C_Master_RepeatedStart text17       0D5F
__end_of_I2C_Master_Start         text16       0D68
__end_of_I2C_Master_Stop          text15       0D71
__end_of_I2C_Master_Wait          text19       0D8B
__end_of_I2C_Master_Write         text14       0800
__end_of_ISR                      text26       04E7
__end_of_Lcd_Clear_4bits          text23       0D7E
__end_of_Lcd_Cmd_4bits            text24       0DEC
__end_of_Lcd_Init_4bits           text6        07AA
__end_of_Lcd_Port_4bits           text25       0E0E
__end_of_Lcd_Set_Cursor_4bits     text22       07F6
__end_of_Lcd_Write_Char_4bits     text21       0EA3
__end_of_Lcd_Write_String_4bits   text20       0F5F
__end_of___awdiv                  text11       0681
__end_of___awmod                  text10       1000
__end_of___bmul                   text13       0DD2
__end_of___lldiv                  text8        06E9
__end_of___lwdiv                  text3        0FA5
__end_of___lwmod                  text2        0F19
__end_of__initialization          cinit        0026
__end_of__stringtab               strings      0810
__end_of_dpowers                  strings      081A
__end_of_leerRTC                  text12       074D
__end_of_main                     maintext     0406
__end_of_modifRTC                 text9        0618
__end_of_setup                    text4        0E6E
__end_of_setupINTOSC              text5        0D98
__end_of_sprintf                  text1        05AA
__initialization                  cinit        000F
__pbssBANK0                       bssBANK0     0020
__pbssCOMMON                      bssCOMMON    007A
__pcstackBANK0                    cstackBANK0  003A
__pcstackCOMMON                   cstackCOMMON 0070
__pdataBANK0                      dataBANK0    0051
__pidataBANK0                     idataBANK0   0D98
__pintentry                       intentry     0004
__pmaintext                       maintext     002A
__pstrings                        strings      0800
__ptext1                          text1        04E7
__ptext10                         text10       0FA5
__ptext11                         text11       0618
__ptext12                         text12       06E9
__ptext13                         text13       0DBD
__ptext14                         text14       07F6
__ptext15                         text15       0D68
__ptext16                         text16       0D5F
__ptext17                         text17       0D56
__ptext18                         text18       0E0E
__ptext19                         text19       0D7E
__ptext2                          text2        0EDD
__ptext20                         text20       0F19
__ptext21                         text21       0E6E
__ptext22                         text22       07AA
__ptext23                         text23       0D71
__ptext24                         text24       0DD2
__ptext25                         text25       0DEC
__ptext26                         text26       0406
__ptext3                          text3        0F5F
__ptext4                          text4        0E3C
__ptext5                          text5        0D8B
__ptext6                          text6        074D
__ptext7                          text7        0EA3
__ptext8                          text8        0681
__ptext9                          text9        05AA
__stringbase                      strings      080F
__stringtab                       strings      0800
_dpowers                          strings      0810
_fecha                            dataBANK0    0051
_leerRTC                          text12       06E9
_main                             maintext     002A
_modifAO                          bssBANK0     0020
_modifDIA                         bssBANK0     0022
_modifHOR                         bssBANK0     0023
_modifMES                         bssBANK0     0021
_modifMIN                         bssBANK0     0024
_modifRTC                         text9        05AA
_modifSEG                         bssBANK0     0025
_modo                             bssBANK0     0030
_setup                            text4        0E3C
_setupINTOSC                      text5        0D8B
_sprintf                          text1        04E7
_tiempo                           dataBANK0    005B
btemp                             (abs)        007E
clear_ram0                        clrtext      0D4E
end_of_initialization             cinit        0026
init_fetch0                       inittext     0DAA
init_ram0                         inittext     0DAE
interrupt_function                intentry     0004
intlevel0                         functab      0000
intlevel1                         functab      0000
intlevel2                         functab      0000
intlevel3                         functab      0000
intlevel4                         functab      0000
intlevel5                         functab      0000
leerRTC@DATO                      cstackBANK0  003D
leerRTC@R                         cstackBANK0  003C
modifRTC@D                        cstackBANK0  0044
modifRTC@R                        cstackCOMMON 0079
reset_vec                         reset_vec    0000
saved_w                           (abs)        007E
setupINTOSC@F                     cstackCOMMON 0074
sprintf@ap                        cstackBANK0  0048
sprintf@c                         cstackBANK0  004D
sprintf@f                         cstackBANK0  0041
sprintf@flag                      cstackBANK0  0047
sprintf@prec                      cstackBANK0  004B
sprintf@sp                        cstackBANK0  004C
sprintf@val                       cstackBANK0  0049
start                             init         000C
start_initialization              cinit        000F
wtemp0                            (abs)        007E


MODULE INFORMATION

Module		Function		Class		Link	Load	Size
C:\Program Files\Microchip\xc8\v2.40\pic\sources\c90\common\Umul8.c
		___bmul        		CODE           	0DBD	0000	21

C:\Program Files\Microchip\xc8\v2.40\pic\sources\c90\common\Umul8.c estimated size: 21

C:\Program Files\Microchip\xc8\v2.40\pic\sources\c90\common\awdiv.c
		___awdiv       		CODE           	0618	0000	105

C:\Program Files\Microchip\xc8\v2.40\pic\sources\c90\common\awdiv.c estimated size: 105

C:\Program Files\Microchip\xc8\v2.40\pic\sources\c90\common\__lldiv.c
		___lldiv       		CODE           	0681	0000	104

C:\Program Files\Microchip\xc8\v2.40\pic\sources\c90\common\__lldiv.c estimated size: 104

configINTOSC.c
		_setupINTOSC   		CODE           	0D8B	0000	13

configINTOSC.c estimated size: 13

C:\Program Files\Microchip\xc8\v2.40\pic\sources\c90\common\doprnt.c
		_sprintf       		CODE           	04E7	0000	195

C:\Program Files\Microchip\xc8\v2.40\pic\sources\c90\common\doprnt.c estimated size: 195

configLCD_4bits.c
		_Lcd_Port_4bits		CODE           	0DEC	0000	34
		_Lcd_Clear_4bits		CODE           	0D71	0000	13
		_Lcd_Set_Cursor_4bits		CODE           	07AA	0000	76
		_Lcd_Init_4bits		CODE           	074D	0000	93
		_Lcd_Cmd_4bits 		CODE           	0DD2	0000	26
		_Lcd_Write_Char_4bits		CODE           	0E6E	0000	53
		_Lcd_Write_String_4bits		CODE           	0F19	0000	70

configLCD_4bits.c estimated size: 365

configI2C.c
		_I2C_Master_Read		CODE           	0E0E	0000	46
		_I2C_Master_Wait		CODE           	0D7E	0000	13
		_I2C_Master_Init		CODE           	0EA3	0000	58
		_I2C_Master_Stop		CODE           	0D68	0000	9
		_I2C_Master_RepeatedStart		CODE           	0D56	0000	9
		_I2C_Master_Write		CODE           	07F6	0000	10
		_I2C_Master_Start		CODE           	0D5F	0000	9

configI2C.c estimated size: 154

main_M.c
		_ISR           		CODE           	0406	0000	225
		_main          		CODE           	002A	0000	988
		_setup         		CODE           	0E3C	0000	50

main_M.c estimated size: 1263

C:\Program Files\Microchip\xc8\v2.40\pic\sources\c90\common\lwmod.c
		___lwmod       		CODE           	0EDD	0000	60

C:\Program Files\Microchip\xc8\v2.40\pic\sources\c90\common\lwmod.c estimated size: 60

shared
		__stringtab    		STRING         	0800	0000	16
		_dpowers       		STRING         	0810	0000	10
		__initialization		CODE           	000F	0000	23

shared estimated size: 49

DS3231.c
		_modifRTC      		CODE           	05AA	0000	110
		_leerRTC       		CODE           	06E9	0000	100

DS3231.c estimated size: 210

C:\Program Files\Microchip\xc8\v2.40\pic\sources\c90\common\awmod.c
		___awmod       		CODE           	0FA5	0000	91

C:\Program Files\Microchip\xc8\v2.40\pic\sources\c90\common\awmod.c estimated size: 91

C:\Program Files\Microchip\xc8\v2.40\pic\sources\c90\common\lwdiv.c
		___lwdiv       		CODE           	0F5F	0000	70

C:\Program Files\Microchip\xc8\v2.40\pic\sources\c90\common\lwdiv.c estimated size: 70

